﻿
> build
> react-router build

[36mvite v6.4.1 [32mbuilding for production...[36m[39m
[32mΓ£ô[39m 0 modules transformed.
transforming...
node.exe : [31mΓ£ù[39m 
Build failed in 45ms
At line:1 char:1
+ & "D:\GOKULNATH/node.exe" "
D:\npm-global/node_modules/np
m/bin/npm-cli ...
+ ~~~~~~~~~~~~~~~~~~~~~~~~~~~
~~~~~~~~~~~~~~~~~~~~~~~~~~~~~
~~~~~~~~~~~~~
    + CategoryInfo           
   : NotSpecified: ([31mΓ£  
  ù[39m Build failed in 4   
 5ms:String) [], RemoteEx    
ception
    + FullyQualifiedErrorId  
   : NativeCommandError
 
[31m[vite:esbuild] 
Transform failed with 3 
errors:
C:/Users/GOKULNATH/Goku-portf
olio/src/app/page.jsx?__react
-router-build-client-route:15
5:8: ERROR: Unexpected 
closing "section" tag does 
not match opening "main" tag
C:/Users/GOKULNATH/Goku-portf
olio/src/app/page.jsx?__react
-router-build-client-route:24
7:6: ERROR: Unexpected 
closing "main" tag does not 
match opening "div" tag
C:/Users/GOKULNATH/Goku-portf
olio/src/app/page.jsx?__react
-router-build-client-route:24
9:6: ERROR: Expected ")" but 
found "{"[39m
file: [36mC:/Users/GOKULNATH
/Goku-portfolio/src/app/page.
jsx?__react-router-build-clie
nt-route:155:8[39m
[33m
[33mUnexpected closing 
"section" tag does not match 
opening "main" tag[33m
153|          </section>
154|  
155|        </section>
   |          ^
156|  
157|        {/* Projects ΓÇö 
Single Folder */}

[33mUnexpected closing 
"main" tag does not match 
opening "div" tag[33m
245|          </div>
246|        </footer>
247|      </main>
   |        ^
248|  
249|        {/* Resume Modal 
*/ }

[33mExpected ")" but found 
"{"[33m
247|      </main>
248|  
249|        {/* Resume Modal 
*/ }
   |        ^
250|    <AnimatePresence>
251|      {isResumeOpen && (
[39m
    at failureErrorWithLog (C
:\Users\GOKULNATH\Goku-portfo
lio\node_modules\esbuild\lib\
main.js:1467:15)
    at C:\Users\GOKULNATH\Gok
u-portfolio\node_modules\esbu
ild\lib\main.js:736:50
    at 
responseCallbacks.<computed> 
(C:\Users\GOKULNATH\Goku-port
folio\node_modules\esbuild\li
b\main.js:603:9)
    at handleIncomingPacket (
C:\Users\GOKULNATH\Goku-portf
olio\node_modules\esbuild\lib
\main.js:658:12)
    at Socket.readFromStdout 
(C:\Users\GOKULNATH\Goku-port
folio\node_modules\esbuild\li
b\main.js:581:7)
    at Socket.emit 
(node:events:518:28)
    at addChunk (node:interna
l/streams/readable:561:12)
    at 
readableAddChunkPushByteMode 
(node:internal/streams/readab
le:512:3)
    at Socket.Readable.push (
node:internal/streams/readabl
e:392:5)
    at Pipe.onStreamRead (nod
e:internal/stream_base_common
s:189:23) {
  errors: [Getter/Setter],
  warnings: [Getter/Setter],
  frame: '\n' +
    '\x1B[33mUnexpected 
closing "section" tag does 
not match opening "main" 
tag\x1B[39m\n' +
    '153|          
</section>\n' +
    '154|  \n' +
    '155|        
</section>\n' +
    '   |          ^\n' +
    '156|  \n' +
    '157|        {/* 
Projects ΓÇö Single Folder 
*/}\n' +
    '\n' +
    '\x1B[33mUnexpected 
closing "main" tag does not 
match opening "div" 
tag\x1B[39m\n' +
    '245|          </div>\n' 
+
    '246|        
</footer>\n' +
    '247|      </main>\n' +
    '   |        ^\n' +
    '248|  \n' +
    '249|        {/* Resume 
Modal */ }\n' +
    '\n' +
    '\x1B[33mExpected ")" 
but found "{"\x1B[39m\n' +
    '247|      </main>\n' +
    '248|  \n' +
    '249|        {/* Resume 
Modal */ }\n' +
    '   |        ^\n' +
    '250|    
<AnimatePresence>\n' +
    '251|      {isResumeOpen 
&& (\n',
  loc: {
    column: 8,
    file: 'C:/Users/GOKULNATH
/Goku-portfolio/src/app/page.
jsx?__react-router-build-clie
nt-route',
    length: 7,
    line: 155,
    lineText: '      
</section>',
    namespace: '',
    suggestion: 'main'
  },
  code: 'PLUGIN_ERROR',
  plugin: 'vite:esbuild',
  hook: 'transform',
  id: 'C:/Users/GOKULNATH/Gok
u-portfolio/src/app/page.jsx?
__react-router-build-client-r
oute',
  watchFiles: [
    'C:/Users/GOKULNATH/Goku-
portfolio/src/app/internal/no
t-found.tsx',
    'C:/Users/GOKULNATH/Goku-
portfolio/src/app/page.jsx',
    'C:/Users/GOKULNATH/Goku-
portfolio/src/app/root.tsx',
    'C:/Users/GOKULNATH/Goku-
portfolio/node_modules/@react
-router/dev/dist/config/defau
lts/entry.client.tsx'
  ]
}
